// Jest Snapshot v1, https://goo.gl/fbAQLP

exports[`matches snapshot with actual DOM tree 1`] = `
<div
  className="DropDownWrapper-keMuLR"
  data-testid="dropdown"
>
  <select>
    <option
      value=""
    >
      Select Filter
    </option>
    <option
      value="name"
    >
      Name
    </option>
    <option
      value="email"
    >
      Email
    </option>
    <option
      value="role"
    >
      Role
    </option>
  </select>
</div>
`;
