// Jest Snapshot v1, https://goo.gl/fbAQLP

exports[`matches snapshot with actual DOM tree 1`] = `
<div
  className="ParentWrapper-gBJEJm cYWXGE"
>
  <div
    className="MenuBarWrapper-kQuWcU hGXwRN"
  >
    <div
      className="DropDownWrapper-keMuLR"
      data-testid="dropdown"
    >
      <select
        onChange={[Function]}
      >
        <option
          value=""
        >
          Select Filter
        </option>
        <option
          value="name"
        >
          Name
        </option>
        <option
          value="email"
        >
          Email
        </option>
        <option
          value="role"
        >
          Role
        </option>
      </select>
    </div>
    <input
      data-testid="text-field"
      name="search"
      onChange={[Function]}
      placeholder="search"
      type="text"
      value=""
    />
    <button
      data-testid="button"
      onClick={[Function]}
    >
      search
    </button>
    <button
      data-testid="button"
      onClick={[Function]}
    >
      reset
    </button>
  </div>
  <div
    className="TableWrapper-cTmqaQ liBAoc"
  >
    <div
      className="DeleteAllButtonWrpper-SBInx eIewal"
    />
    <table
      data-testid="table"
    >
      <tr
        data-testid="table-head"
      >
        <th>
          <input
            className="select-all"
            data-testid="checkbox"
            onChange={[Function]}
            type="checkbox"
          />
          <label />
        </th>
        <th>
          #Id
        </th>
        <th>
          Name
        </th>
        <th>
          Email
        </th>
        <th>
          Role
        </th>
      </tr>
    </table>
  </div>
  <div
    className="PaginationComponentParentWrapper-grXDct hMlKhH"
    data-testid="table-component"
  >
    <button
      data-testid="button"
      disabled={false}
      onClick={[Function]}
    >
      prev
    </button>
    <button
      data-testid="button"
      disabled={false}
      onClick={[Function]}
    >
      next
    </button>
  </div>
</div>
`;
