// Jest Snapshot v1, https://goo.gl/fbAQLP

exports[`match snapshot with DOM tree 1`] = `
<div
  className="TableWrapper-cTmqaQ liBAoc"
>
  <div
    className="DeleteAllButtonWrpper-SBInx eIewal"
  />
  <table
    data-testid="table"
  >
    <tr
      data-testid="table-head"
    >
      <th>
        <input
          className="select-all"
          data-testid="checkbox"
          onChange={[Function]}
          type="checkbox"
        />
        <label />
      </th>
      <th>
        #Id
      </th>
      <th>
        Name
      </th>
      <th>
        Email
      </th>
      <th>
        Role
      </th>
    </tr>
  </table>
</div>
`;
